{"time": "2026-05-20 18:34:07.843", "action": "FILTER", "sheet": "Dictio"}
{"time": "2026-05-20 18:34:07.858", "action": "FILTER", "sheet": "Words"}
{"time": "2026-05-20 18:34:07.861", "action": "FILTER", "sheet": "Frazes"}
{"time": "2026-05-20 18:34:07.866", "action": "FILTER", "sheet": "Name"}
{"time": "2026-05-20 18:34:07.873", "action": "FILTER", "sheet": "Vurd_kanji"}
{"time": "2026-05-20 18:34:07.889", "action": "FILTER", "sheet": "Vurd_words"}
{"time": "2026-05-20 18:34:07.890", "action": "TABLE_OPEN", "sheets": ["Dictio", "Words", "Frazes", "Name", "Vurd_kanji", "Vurd_words"]}
{"time": "2026-05-20 19:38:09.110", "action": "FILTER", "sheet": "Dictio"}
{"time": "2026-05-20 19:38:09.134", "action": "FILTER", "sheet": "Words"}
{"time": "2026-05-20 19:38:09.139", "action": "FILTER", "sheet": "Frazes"}
{"time": "2026-05-20 19:38:09.143", "action": "FILTER", "sheet": "Name"}
{"time": "2026-05-20 19:38:09.154", "action": "FILTER", "sheet": "Vurd_kanji"}
{"time": "2026-05-20 19:38:09.172", "action": "FILTER", "sheet": "Vurd_words"}
{"time": "2026-05-20 19:38:09.174", "action": "TABLE_OPEN", "sheets": ["Dictio", "Words", "Frazes", "Name", "Vurd_kanji", "Vurd_words"]}
{"time": "2026-05-20 19:38:14.120", "action": "SEARCH_OPEN", "sheet": "Words"}
{"time": "2026-05-20 19:38:15.021", "action": "SEARCH", "sheet": "Words", "pattern": "面接", "found": null}
{"time": "2026-05-20 19:38:36.060", "action": "CELL_EDIT", "sheet": "Words", "row": 619, "row_num": 680, "column": "Lesson", "value": "73"}
{"time": "2026-05-20 19:38:37.403", "action": "CELL_EDIT", "sheet": "Words", "row": 619, "row_num": 680, "column": "Kanji", "value": "面接"}
{"time": "2026-05-20 19:38:51.014", "action": "CELL_EDIT", "sheet": "Words", "row": 619, "row_num": 680, "column": "Read", "value": "めんせつ"}
{"time": "2026-05-20 19:38:59.611", "action": "CELL_EDIT", "sheet": "Words", "row": 619, "row_num": 680, "column": "Trans", "value": "собеседование"}
{"time": "2026-05-20 19:39:03.479", "action": "SAVE", "sheet": "Words", "success": true}
